// Jest Snapshot v1, https://goo.gl/fbAQLP

exports[`Unit tests for the SignInPage component. Should match snapshot. 1`] = `
<div
  class="flex h-screen w-screen bg-transit-grey"
  data-testid="sign-in-page"
>
  <div
    class="sm:w-1/2 bg-hero-image bg-no-repeat bg-cover bg-center"
  />
  <div
    class="w-full sm:w-1/2"
  >
    <div
      class="form-floating"
    >
      <label
        for="floatingInput"
      >
        <input
          class="form-control"
          id="floatingInput"
          name="username"
          placeholder="Username"
        />
        Username
      </label>
    </div>
    <div
      class="form-floating mt-3"
    >
      <label
        for="floatingPassword"
      >
        <input
          class="form-control"
          id="floatingPassword"
          name="password"
          placeholder="Password"
          type="password"
        />
        Password
      </label>
    </div>
    <button
      class="w-100 btn btn-lg btn-warning"
      type="button"
    >
      Sign in
    </button>
  </div>
</div>
`;
